
 • Building package gotest
From https://github.com/nlamirault/gotest.el
Updating /mnt/store/melpa/working/gotest/
Checking out 490189e68d743a851bfb42d0017428a7550e8615
Copying files (->) and directories (=>)
  from /mnt/store/melpa/working/gotest/
  to /tmp/gotest-U6riCY/gotest-20230221.945/
    gotest.el -> gotest.el
Created gotest-20230221.945.tar containing:
  gotest-20230221.945/
  gotest-20230221.945/gotest-pkg.el
  gotest-20230221.945/gotest.el
Built gotest in 3.049s, finished at 2026-10-08T11:07:47+0000
