 • Building package pytest (from github:ionrock/pytest-el)...
Updating /mnt/store/melpa/working/pytest/
Checking out 8692f965bf4ddf3d755cf1fbf77a7a768e22460e
Copying files (->) and directories (=>)
  from /mnt/store/melpa/working/pytest/
  to /tmp/pytestQN76oP/pytest-20230810.1218
    pytest.el -> pytest.el
Created pytest-20230810.1218.tar containing:
  pytest-20230810.1218/
  pytest-20230810.1218/pytest-pkg.el
  pytest-20230810.1218/pytest.el
 ✓ Success:
  2026-02-05T12:40:32+0000  pytest-20230810.1218.entry
  2026-02-05T12:40:32+0000  pytest-20230810.1218.tar
Built pytest in 4.347s, finished at 2026-02-05T12:40:33+0000
